../Core/Src/main.c:33:5:main	176	static
../Core/Src/main.c:89:6:HAL_TIM_IC_CaptureCallback	16	static
../Core/Src/main.c:129:6:HAL_SYSTICK_Callback	16	static
../Core/Src/main.c:140:6:dmsg	24	static
../Core/Src/main.c:148:6:SystemClock_Config	88	static
../Core/Src/main.c:190:13:MX_TIM2_Init	48	static
../Core/Src/main.c:230:13:MX_TIM5_Init	48	static
../Core/Src/main.c:270:13:MX_TIM9_Init	48	static
../Core/Src/main.c:310:13:MX_ADC1_Init	24	static
../Core/Src/main.c:342:13:MX_CAN1_Init	8	static
../Core/Src/main.c:362:13:MX_I2C2_Init	8	static
../Core/Src/main.c:380:13:MX_SPI1_Init	8	static
../Core/Src/main.c:402:13:MX_USART1_UART_Init	8	static
../Core/Src/main.c:419:13:MX_USART3_UART_Init	8	static
../Core/Src/main.c:436:13:MX_GPIO_Init	40	static
../Core/Src/main.c:480:6:Error_Handler	4	static,ignoring_inline_asm
