../Core/Src/main.c:42:5:main	256	static
../Core/Src/main.c:196:6:HAL_CAN_TxMailbox0CompleteCallback	16	static
../Core/Src/main.c:202:6:HAL_CAN_TxMailbox1CompleteCallback	16	static
../Core/Src/main.c:207:6:HAL_CAN_TxMailbox2CompleteCallback	16	static
../Core/Src/main.c:212:7:HAL_CAN_RxFifo0MsgPendingCallback	16	static
../Core/Src/main.c:220:6:HAL_ADC_ConvCpltCallback	16	static
../Core/Src/main.c:225:6:HAL_TIM_IC_CaptureCallback	16	static
../Core/Src/main.c:265:6:HAL_SYSTICK_Callback	8	static
../Core/Src/main.c:274:6:dmsg	24	static
../Core/Src/main.c:282:6:CAN_Filter_Config	48	static
../Core/Src/main.c:303:13:SystemClock_Config	88	static
../Core/Src/main.c:345:13:MX_TIM2_Init	48	static
../Core/Src/main.c:385:13:MX_TIM5_Init	48	static
../Core/Src/main.c:425:13:MX_TIM9_Init	48	static
../Core/Src/main.c:465:13:MX_ADC1_Init	24	static
../Core/Src/main.c:497:13:MX_CAN1_Init	8	static
../Core/Src/main.c:517:13:MX_I2C2_Init	8	static
../Core/Src/main.c:535:13:MX_SPI1_Init	8	static
../Core/Src/main.c:557:13:MX_USART1_UART_Init	8	static
../Core/Src/main.c:574:13:MX_USART3_UART_Init	8	static
../Core/Src/main.c:591:13:MX_GPIO_Init	40	static
../Core/Src/main.c:635:6:Error_Handler	4	static,ignoring_inline_asm
