../Core/Src/stm32f4xx_it.c:13:6:NMI_Handler	4	static
../Core/Src/stm32f4xx_it.c:21:6:HardFault_Handler	4	static
../Core/Src/stm32f4xx_it.c:29:6:MemManage_Handler	4	static
../Core/Src/stm32f4xx_it.c:36:6:BusFault_Handler	4	static
../Core/Src/stm32f4xx_it.c:44:6:UsageFault_Handler	4	static
../Core/Src/stm32f4xx_it.c:52:6:SVC_Handler	4	static
../Core/Src/stm32f4xx_it.c:57:6:DebugMon_Handler	4	static
../Core/Src/stm32f4xx_it.c:62:6:PendSV_Handler	4	static
../Core/Src/stm32f4xx_it.c:67:6:SysTick_Handler	8	static
../Core/Src/stm32f4xx_it.c:73:6:TIM2_IRQHandler	8	static
../Core/Src/stm32f4xx_it.c:78:6:TIM5_IRQHandler	8	static
../Core/Src/stm32f4xx_it.c:83:6:ADC_IRQHandler	8	static
../Core/Src/stm32f4xx_it.c:88:6:CAN1_TX_IRQHandler	8	static
../Core/Src/stm32f4xx_it.c:93:6:CAN1_RX0_IRQHandler	8	static
../Core/Src/stm32f4xx_it.c:98:6:CAN1_RX1_IRQHandler	8	static
../Core/Src/stm32f4xx_it.c:103:6:CAN1_SCE_IRQHandler	8	static
../Core/Src/stm32f4xx_it.c:108:6:I2C2_EV_IRQHandler	8	static
../Core/Src/stm32f4xx_it.c:113:6:I2C2_ER_IRQHandler	8	static
../Core/Src/stm32f4xx_it.c:119:6:SPI1_IRQHandler	8	static
../Core/Src/stm32f4xx_it.c:124:6:USART1_IRQHandler	8	static
../Core/Src/stm32f4xx_it.c:129:6:USART3_IRQHandler	8	static
