../Core/Src/stm32f4xx_it.c:14:6:NMI_Handler	4	static
../Core/Src/stm32f4xx_it.c:22:6:HardFault_Handler	4	static
../Core/Src/stm32f4xx_it.c:30:6:MemManage_Handler	4	static
../Core/Src/stm32f4xx_it.c:37:6:BusFault_Handler	4	static
../Core/Src/stm32f4xx_it.c:45:6:UsageFault_Handler	4	static
../Core/Src/stm32f4xx_it.c:53:6:SVC_Handler	4	static
../Core/Src/stm32f4xx_it.c:58:6:DebugMon_Handler	4	static
../Core/Src/stm32f4xx_it.c:63:6:PendSV_Handler	4	static
../Core/Src/stm32f4xx_it.c:68:6:SysTick_Handler	8	static
../Core/Src/stm32f4xx_it.c:74:6:TIM1_BRK_TIM9_IRQHandler	8	static
../Core/Src/stm32f4xx_it.c:79:6:TIM2_IRQHandler	8	static
../Core/Src/stm32f4xx_it.c:84:6:TIM5_IRQHandler	8	static
../Core/Src/stm32f4xx_it.c:89:6:ADC_IRQHandler	8	static
../Core/Src/stm32f4xx_it.c:94:6:CAN1_TX_IRQHandler	8	static
../Core/Src/stm32f4xx_it.c:99:6:CAN1_RX0_IRQHandler	8	static
../Core/Src/stm32f4xx_it.c:104:6:CAN1_RX1_IRQHandler	8	static
../Core/Src/stm32f4xx_it.c:109:6:CAN1_SCE_IRQHandler	8	static
../Core/Src/stm32f4xx_it.c:114:6:I2C2_EV_IRQHandler	8	static
../Core/Src/stm32f4xx_it.c:119:6:I2C2_ER_IRQHandler	8	static
../Core/Src/stm32f4xx_it.c:125:6:SPI1_IRQHandler	8	static
../Core/Src/stm32f4xx_it.c:130:6:USART1_IRQHandler	8	static
../Core/Src/stm32f4xx_it.c:135:6:USART3_IRQHandler	8	static
